Copyright 1986-2022 Xilinx, Inc. All Rights Reserved. Copyright 2022-2023 Advanced Micro Devices, Inc. All Rights Reserved.
---------------------------------------------------------------------------------------------------------------------------------------------
| Tool Version : Vivado v.2023.2 (lin64) Build 4029153 Fri Oct 13 20:13:54 MDT 2023
| Date         : Wed Jul  1 14:48:39 2026
| Host         : Furiosa running 64-bit Arch Linux
| Command      : report_control_sets -verbose -file top_control_sets_placed.rpt
| Design       : top
| Device       : xc7a200t
---------------------------------------------------------------------------------------------------------------------------------------------

Control Set Information

Table of Contents
-----------------
1. Summary
2. Histogram
3. Flip-Flop Distribution
4. Detailed Control Set Information

1. Summary
----------

+----------------------------------------------------------+-------+
|                          Status                          | Count |
+----------------------------------------------------------+-------+
| Total control sets                                       |    25 |
|    Minimum number of control sets                        |    25 |
|    Addition due to synthesis replication                 |     0 |
|    Addition due to physical synthesis replication        |     0 |
| Unused register locations in slices containing registers |    79 |
+----------------------------------------------------------+-------+
* Control sets can be merged at opt_design using control_set_merge or merge_equivalent_drivers
** Run report_qor_suggestions for automated merging and remapping suggestions


2. Histogram
------------

+--------------------+-------+
|       Fanout       | Count |
+--------------------+-------+
| Total control sets |    25 |
| >= 0 to < 4        |     2 |
| >= 4 to < 6        |     3 |
| >= 6 to < 8        |     4 |
| >= 8 to < 10       |     2 |
| >= 10 to < 12      |     2 |
| >= 12 to < 14      |     2 |
| >= 14 to < 16      |     0 |
| >= 16              |    10 |
+--------------------+-------+
* Control sets can be remapped at either synth_design or opt_design


3. Flip-Flop Distribution
-------------------------

+--------------+-----------------------+------------------------+-----------------+--------------+
| Clock Enable | Synchronous Set/Reset | Asynchronous Set/Reset | Total Registers | Total Slices |
+--------------+-----------------------+------------------------+-----------------+--------------+
| No           | No                    | No                     |               0 |            0 |
| No           | No                    | Yes                    |              78 |           47 |
| No           | Yes                   | No                     |              14 |            5 |
| Yes          | No                    | No                     |               0 |            0 |
| Yes          | No                    | Yes                    |             653 |          197 |
| Yes          | Yes                   | No                     |              32 |            7 |
+--------------+-----------------------+------------------------+-----------------+--------------+


4. Detailed Control Set Information
-----------------------------------

+----------------------+--------------------------------------------+------------------------------------+------------------+----------------+--------------+
|     Clock Signal     |                Enable Signal               |          Set/Reset Signal          | Slice Load Count | Bel Load Count | Bels / Slice |
+----------------------+--------------------------------------------+------------------------------------+------------------+----------------+--------------+
|  clk_200m_BUFG       | u_data_rx/header_ok_i_1_n_0                | u_data_rx/pll_inst                 |                1 |              1 |         1.00 |
|  clk_100m_BUFG       | u_spi/spi_sdi_i_1_n_0                      | u_data_rx/pll_inst                 |                1 |              1 |         1.00 |
|  dclko_i             |                                            | u_data_rx/pll_inst                 |                3 |              4 |         1.33 |
|  sys_clk_IBUF_BUFG   | u_nt39565d/FSM_sequential_state[3]_i_1_n_0 | u_data_rx/pll_inst                 |                4 |              4 |         1.00 |
|  clk_100m_BUFG       | cfg_reg_idx                                | u_data_rx/pll_inst                 |                1 |              4 |         4.00 |
|  clk_200m_BUFG       | u_data_rx/merged_burst_index[5]_i_1_n_0    | u_data_rx/pll_inst                 |                3 |              6 |         2.00 |
|  clk_200m_BUFG       | u_data_rx/burst_cnt[5]_i_1_n_0             | u_data_rx/pll_inst                 |                2 |              6 |         3.00 |
|  sys_clk_IBUF_BUFG   | FSM_onehot_top_state[6]_i_1_n_0            | u_data_rx/pll_inst                 |                1 |              7 |         7.00 |
|  sys_clk_IBUF_BUFG   | gap_cnt                                    | u_data_rx/pll_inst                 |                2 |              7 |         3.50 |
|  rgmii_txc_OBUF_BUFG | u_rgmii_bridge/tx_data_125m[7]_i_1_n_0     | u_rgmii_bridge/u_rgmii_tx/pll_inst |                1 |              8 |         8.00 |
|  clk_200m_BUFG       | u_data_rx/mute_cnt[8]_i_1_n_0              | u_data_rx/pll_inst                 |                3 |              9 |         3.00 |
|  clk_100m_BUFG       | u_ad71143_ctrl/line_cnt_next               | u_data_rx/pll_inst                 |                4 |             10 |         2.50 |
|  sys_clk_IBUF_BUFG   | u_nt39565d/cpv_i_1_n_0                     | u_data_rx/pll_inst                 |                3 |             10 |         3.33 |
|  clk_200m_BUFG       |                                            | u_data_rx/pll_inst                 |               10 |             13 |         1.30 |
|  sys_clk_IBUF_BUFG   |                                            | u_data_rx/pll_inst                 |                9 |             13 |         1.44 |
|  sys_clk_IBUF_BUFG   | u_nt39565d/shift_cnt[15]_i_1_n_0           | u_data_rx/pll_inst                 |                3 |             16 |         5.33 |
|  sys_clk_IBUF_BUFG   | u_nt39565d/cnt[15]_i_1_n_0                 | u_data_rx/pll_inst                 |                4 |             16 |         4.00 |
|  rgmii_txc_OBUF_BUFG |                                            | u_rgmii_bridge/u_rgmii_tx/pll_inst |                7 |             19 |         2.71 |
|  clk_100m_BUFG       | u_spi/bit_cnt                              | u_data_rx/pll_inst                 |                5 |             20 |         4.00 |
|  rgmii_txc_OBUF_BUFG | u_rgmii_bridge/u_rgmii_tx/Byte_cnt         | u_rgmii_bridge/u_rgmii_tx/pll_inst |                7 |             32 |         4.57 |
|  clk_100m_BUFG       |                                            | u_data_rx/pll_inst                 |               23 |             43 |         1.87 |
|  clk_200m_BUFG       | u_data_rx/merged_valid_i_1_n_0             | u_data_rx/pll_inst                 |               37 |            128 |         3.46 |
|  clk_200m_BUFG       | u_data_rx/E[0]                             | u_data_rx/pll_inst                 |               43 |            129 |         3.00 |
|  dclko_i             | u_data_rx/lane_b_shift                     | u_data_rx/pll_inst                 |               29 |            135 |         4.66 |
|  rgmii_txc_OBUF_BUFG | u_rgmii_bridge/byte_cnt[7]_i_1_n_0         | u_rgmii_bridge/u_rgmii_tx/pll_inst |               50 |            136 |         2.72 |
+----------------------+--------------------------------------------+------------------------------------+------------------+----------------+--------------+


