Copyright 1986-2022 Xilinx, Inc. All Rights Reserved. Copyright 2022-2023 Advanced Micro Devices, Inc. All Rights Reserved.
---------------------------------------------------------------------------------------------------------------------------------------------
| Tool Version : Vivado v.2023.2 (lin64) Build 4029153 Fri Oct 13 20:13:54 MDT 2023
| Date         : Mon Jun 29 15:30:06 2026
| Host         : Furiosa running 64-bit Arch Linux
| Command      : report_control_sets -verbose -file top_control_sets_placed.rpt
| Design       : top
| Device       : xc7a200t
---------------------------------------------------------------------------------------------------------------------------------------------

Control Set Information

Table of Contents
-----------------
1. Summary
2. Histogram
3. Flip-Flop Distribution
4. Detailed Control Set Information

1. Summary
----------

+----------------------------------------------------------+-------+
|                          Status                          | Count |
+----------------------------------------------------------+-------+
| Total control sets                                       |    21 |
|    Minimum number of control sets                        |    21 |
|    Addition due to synthesis replication                 |     0 |
|    Addition due to physical synthesis replication        |     0 |
| Unused register locations in slices containing registers |    70 |
+----------------------------------------------------------+-------+
* Control sets can be merged at opt_design using control_set_merge or merge_equivalent_drivers
** Run report_qor_suggestions for automated merging and remapping suggestions


2. Histogram
------------

+--------------------+-------+
|       Fanout       | Count |
+--------------------+-------+
| Total control sets |    21 |
| >= 0 to < 4        |     3 |
| >= 4 to < 6        |     4 |
| >= 6 to < 8        |     4 |
| >= 8 to < 10       |     1 |
| >= 10 to < 12      |     1 |
| >= 12 to < 14      |     2 |
| >= 14 to < 16      |     0 |
| >= 16              |     6 |
+--------------------+-------+
* Control sets can be remapped at either synth_design or opt_design


3. Flip-Flop Distribution
-------------------------

+--------------+-----------------------+------------------------+-----------------+--------------+
| Clock Enable | Synchronous Set/Reset | Asynchronous Set/Reset | Total Registers | Total Slices |
+--------------+-----------------------+------------------------+-----------------+--------------+
| No           | No                    | No                     |               0 |            0 |
| No           | No                    | Yes                    |              74 |           37 |
| No           | Yes                   | No                     |               0 |            0 |
| Yes          | No                    | No                     |               0 |            0 |
| Yes          | No                    | Yes                    |             376 |          123 |
| Yes          | Yes                   | No                     |               0 |            0 |
+--------------+-----------------------+------------------------+-----------------+--------------+


4. Detailed Control Set Information
-----------------------------------

+----------------------+--------------------------------------------+------------------+------------------+----------------+--------------+
|     Clock Signal     |                Enable Signal               | Set/Reset Signal | Slice Load Count | Bel Load Count | Bels / Slice |
+----------------------+--------------------------------------------+------------------+------------------+----------------+--------------+
|  sys_clk_IBUF_BUFG   | u_spi/spi_sdi_i_1_n_0                      | u_data_rx/key    |                1 |              1 |         1.00 |
|  gate_clk_BUFG       | u_nt39565d/busy_i_1_n_0                    | u_data_rx/key    |                1 |              1 |         1.00 |
|  clk_200m_BUFG       | u_data_rx/header_ok_i_1_n_0                | u_data_rx/key    |                1 |              1 |         1.00 |
|  dclko_p_A_IBUF_BUFG |                                            | u_data_rx/key    |                3 |              4 |         1.33 |
|  sys_clk_IBUF_BUFG   | cfg_reg_idx                                | u_data_rx/key    |                1 |              4 |         4.00 |
|  gate_clk_BUFG       | u_nt39565d/FSM_sequential_state[3]_i_1_n_0 | u_data_rx/key    |                2 |              4 |         2.00 |
|  gate_clk_BUFG       | u_nt39565d/cpv_i_1_n_0                     | u_data_rx/key    |                3 |              5 |         1.67 |
|  clk_200m_BUFG       | u_data_rx/burst_cnt[5]_i_1_n_0             | u_data_rx/key    |                2 |              6 |         3.00 |
|  clk_200m_BUFG       | u_data_rx/merged_burst_index[5]_i_1_n_0    | u_data_rx/key    |                1 |              6 |         6.00 |
|  gate_clk_BUFG       | gap_cnt                                    | u_data_rx/key    |                2 |              7 |         3.50 |
|  gate_clk_BUFG       | FSM_onehot_top_state[6]_i_1_n_0            | u_data_rx/key    |                3 |              7 |         2.33 |
|  clk_200m_BUFG       | u_data_rx/mute_cnt[8]_i_1_n_0              | u_data_rx/key    |                3 |              9 |         3.00 |
|  sys_clk_IBUF_BUFG   | u_ad71143_ctrl/line_cnt_next               | u_data_rx/key    |                3 |             10 |         3.33 |
|  clk_200m_BUFG       |                                            | u_data_rx/key    |                6 |             12 |         2.00 |
|  gate_clk_BUFG       |                                            | u_data_rx/key    |                8 |             13 |         1.62 |
|  gate_clk_BUFG       | u_nt39565d/shift_cnt[15]_i_1_n_0           | u_data_rx/key    |                3 |             16 |         5.33 |
|  gate_clk_BUFG       | u_nt39565d/cnt[15]_i_1_n_0                 | u_data_rx/key    |                4 |             16 |         4.00 |
|  sys_clk_IBUF_BUFG   | u_spi/bit_cnt                              | u_data_rx/key    |                6 |             20 |         3.33 |
|  sys_clk_IBUF_BUFG   |                                            | u_data_rx/key    |               20 |             45 |         2.25 |
|  clk_200m_BUFG       | u_data_rx/merged_valid_i_1_n_0             | u_data_rx/key    |               53 |            128 |         2.42 |
|  dclko_p_A_IBUF_BUFG | u_data_rx/lane_b_shift                     | u_data_rx/key    |               34 |            135 |         3.97 |
+----------------------+--------------------------------------------+------------------+------------------+----------------+--------------+


