Copyright 1986-2020 Xilinx, Inc. All Rights Reserved.
-------------------------------------------------------------------------------------------------------------------------------
| Tool Version     : Vivado v.2020.2 (win64) Build 3064766 Wed Nov 18 09:12:45 MST 2020
| Date             : Fri Jul 24 14:01:46 2026
| Host             : Stouch_ZXIN running 64-bit major release  (build 9200)
| Command          : report_power -file top_power_routed.rpt -pb top_power_summary_routed.pb -rpx top_power_routed.rpx
| Design           : top
| Device           : xc7a200tfbg484-2
| Design State     : routed
| Grade            : commercial
| Process          : typical
| Characterization : Production
-------------------------------------------------------------------------------------------------------------------------------

Power Report

Table of Contents
-----------------
1. Summary
1.1 On-Chip Components
1.2 Power Supply Summary
1.3 Confidence Level
2. Settings
2.1 Environment
2.2 Clock Constraints
3. Detailed Reports
3.1 By Hierarchy

1. Summary
----------

+--------------------------+--------------+
| Total On-Chip Power (W)  | 0.464        |
| Design Power Budget (W)  | Unspecified* |
| Power Budget Margin (W)  | NA           |
| Dynamic (W)              | 0.312        |
| Device Static (W)        | 0.153        |
| Effective TJA (C/W)      | 2.5          |
| Max Ambient (C)          | 83.9         |
| Junction Temperature (C) | 26.1         |
| Confidence Level         | Low          |
| Setting File             | ---          |
| Simulation Activity File | ---          |
| Design Nets Matched      | NA           |
+--------------------------+--------------+
* Specify Design Power Budget using, set_operating_conditions -design_power_budget <value in Watts>


1.1 On-Chip Components
----------------------

+--------------------------+-----------+----------+-----------+-----------------+
| On-Chip                  | Power (W) | Used     | Available | Utilization (%) |
+--------------------------+-----------+----------+-----------+-----------------+
| Clocks                   |     0.027 |        9 |       --- |             --- |
| Slice Logic              |     0.006 |    10374 |       --- |             --- |
|   LUT as Logic           |     0.005 |     3070 |    133800 |            2.29 |
|   Register               |    <0.001 |     5406 |    267600 |            2.02 |
|   CARRY4                 |    <0.001 |      130 |     33450 |            0.39 |
|   F7/F8 Muxes            |    <0.001 |       52 |    133800 |            0.04 |
|   LUT as Shift Register  |    <0.001 |      186 |     46200 |            0.40 |
|   LUT as Distributed RAM |    <0.001 |       24 |     46200 |            0.05 |
|   Others                 |     0.000 |      455 |       --- |             --- |
| Signals                  |     0.007 |     7861 |       --- |             --- |
| Block RAM                |     0.004 |       17 |       365 |            4.66 |
| MMCM                     |     0.106 |        1 |        10 |           10.00 |
| I/O                      |     0.161 |       65 |       285 |           22.81 |
| Static Power             |     0.153 |          |           |                 |
| Total                    |     0.464 |          |           |                 |
+--------------------------+-----------+----------+-----------+-----------------+


1.2 Power Supply Summary
------------------------

+-----------+-------------+-----------+-------------+------------+-------------+-------------+------------+
| Source    | Voltage (V) | Total (A) | Dynamic (A) | Static (A) | Powerup (A) | Budget (A)  | Margin (A) |
+-----------+-------------+-----------+-------------+------------+-------------+-------------+------------+
| Vccint    |       1.000 |     0.078 |       0.047 |      0.032 |       NA    | Unspecified | NA         |
| Vccaux    |       1.800 |     0.095 |       0.065 |      0.031 |       NA    | Unspecified | NA         |
| Vcco33    |       3.300 |     0.023 |       0.018 |      0.005 |       NA    | Unspecified | NA         |
| Vcco25    |       2.500 |     0.041 |       0.036 |      0.005 |       NA    | Unspecified | NA         |
| Vcco18    |       1.800 |     0.000 |       0.000 |      0.000 |       NA    | Unspecified | NA         |
| Vcco15    |       1.500 |     0.000 |       0.000 |      0.000 |       NA    | Unspecified | NA         |
| Vcco135   |       1.350 |     0.000 |       0.000 |      0.000 |       NA    | Unspecified | NA         |
| Vcco12    |       1.200 |     0.000 |       0.000 |      0.000 |       NA    | Unspecified | NA         |
| Vccaux_io |       1.800 |     0.000 |       0.000 |      0.000 |       NA    | Unspecified | NA         |
| Vccbram   |       1.000 |     0.001 |       0.000 |      0.001 |       NA    | Unspecified | NA         |
| MGTAVcc   |       1.000 |     0.000 |       0.000 |      0.000 |       NA    | Unspecified | NA         |
| MGTAVtt   |       1.200 |     0.000 |       0.000 |      0.000 |       NA    | Unspecified | NA         |
| Vccadc    |       1.800 |     0.020 |       0.000 |      0.020 |       NA    | Unspecified | NA         |
+-----------+-------------+-----------+-------------+------------+-------------+-------------+------------+


1.3 Confidence Level
--------------------

+-----------------------------+------------+--------------------------------------------------------+------------------------------------------------------------------------------------------------------------+
| User Input Data             | Confidence | Details                                                | Action                                                                                                     |
+-----------------------------+------------+--------------------------------------------------------+------------------------------------------------------------------------------------------------------------+
| Design implementation state | High       | Design is routed                                       |                                                                                                            |
| Clock nodes activity        | High       | User specified more than 95% of clocks                 |                                                                                                            |
| I/O nodes activity          | Low        | More than 75% of inputs are missing user specification | Provide missing input activity with simulation results or by editing the "By Resource Type -> I/Os" view   |
| Internal nodes activity     | Medium     | User specified less than 25% of internal nodes         | Provide missing internal nodes activity with simulation results or by editing the "By Resource Type" views |
| Device models               | High       | Device models are Production                           |                                                                                                            |
|                             |            |                                                        |                                                                                                            |
| Overall confidence level    | Low        |                                                        |                                                                                                            |
+-----------------------------+------------+--------------------------------------------------------+------------------------------------------------------------------------------------------------------------+


2. Settings
-----------

2.1 Environment
---------------

+-----------------------+--------------------------+
| Ambient Temp (C)      | 25.0                     |
| ThetaJA (C/W)         | 2.5                      |
| Airflow (LFM)         | 250                      |
| Heat Sink             | medium (Medium Profile)  |
| ThetaSA (C/W)         | 4.2                      |
| Board Selection       | medium (10"x10")         |
| # of Board Layers     | 12to15 (12 to 15 Layers) |
| Board Temperature (C) | 25.0                     |
+-----------------------+--------------------------+


2.2 Clock Constraints
---------------------

+--------------------------------------------------------------------------------------------+----------------------------------------------------------------------+-----------------+
| Clock                                                                                      | Domain                                                               | Constraint (ns) |
+--------------------------------------------------------------------------------------------+----------------------------------------------------------------------+-----------------+
| clk_out1_clk_wiz_0                                                                         | u_mmcm/inst/clk_out1_clk_wiz_0                                       |            20.0 |
| clk_out2_clk_wiz_0                                                                         | u_mmcm/inst/clk_out2_clk_wiz_0                                       |            10.0 |
| clk_out3_clk_wiz_0                                                                         | u_mmcm/inst/clk_out3_clk_wiz_0                                       |             8.0 |
| clk_out4_clk_wiz_0                                                                         | u_mmcm/inst/clk_out4_clk_wiz_0                                       |             8.0 |
| clkfbout_clk_wiz_0                                                                         | u_mmcm/inst/clkfbout_clk_wiz_0                                       |            20.0 |
| dbg_hub/inst/BSCANID.u_xsdbm_id/SWITCH_N_EXT_BSCAN.bscan_inst/SERIES7_BSCAN.bscan_inst/TCK | dbg_hub/inst/BSCANID.u_xsdbm_id/SWITCH_N_EXT_BSCAN.bscan_inst/tck_bs |            33.0 |
| sys_clk                                                                                    | sys_clk                                                              |            20.0 |
+--------------------------------------------------------------------------------------------+----------------------------------------------------------------------+-----------------+


3. Detailed Reports
-------------------

3.1 By Hierarchy
----------------

+---------------------------+-----------+
| Name                      | Power (W) |
+---------------------------+-----------+
| top                       |     0.312 |
|   dbg_hub                 |     0.003 |
|     inst                  |     0.003 |
|       BSCANID.u_xsdbm_id  |     0.003 |
|   u_data_rx_dual          |     0.104 |
|     u_panel0              |     0.051 |
|     u_panel1              |     0.051 |
|   u_ila                   |     0.009 |
|     inst                  |     0.009 |
|       ila_core_inst       |     0.009 |
|   u_ila_p1                |     0.009 |
|     inst                  |     0.009 |
|       ila_core_inst       |     0.009 |
|   u_mmcm                  |     0.107 |
|     inst                  |     0.107 |
|   u_rgmii_bridge          |     0.012 |
|     fifo_generator_0_inst |     0.002 |
|       U0                  |     0.002 |
|     u_rgmii_tx            |     0.001 |
+---------------------------+-----------+


